// Jest Snapshot v1, https://goo.gl/fbAQLP

exports[`first test 1`] = `
<button>
  Click me
</button>
`;
